Execution failed on sql 'SELECT * FROM sentiment WHERE tweet LIKE ? ORDER BY unix DESC LIMIT 1000': no such table: sentiment
Execution failed on sql 'SELECT * FROM sentiment WHERE tweet LIKE ? ORDER BY unix DESC LIMIT 1000': no such table: sentiment
You must specify a region.
Execution failed on sql 'SELECT * FROM sentiment WHERE tweet LIKE ? ORDER BY unix DESC LIMIT 1000': no such table: sentiment
Execution failed on sql 'SELECT * FROM sentiment WHERE tweet LIKE ? ORDER BY unix DESC LIMIT 1000': no such table: sentiment
Execution failed on sql 'SELECT * FROM sentiment WHERE tweet LIKE ? ORDER BY unix DESC LIMIT 1000': no such table: sentiment
Execution failed on sql 'SELECT * FROM sentiment WHERE tweet LIKE ? ORDER BY unix DESC LIMIT 1000': no such table: sentiment
Execution failed on sql 'SELECT * FROM sentiment WHERE tweet LIKE ? ORDER BY unix DESC LIMIT 1000': no such table: sentiment
